Testing with User: VN5846284

--- Testing API: Get MLM Dashboard V2 ---
WARNING: API 'Get MLM Dashboard V2' not found in the database.

--- Testing API: Get Profile ---
URL: /api/dynamic/ac2fd023-ccf6-4545-8ba2-a66532c8b755/
Status Code: 404
Error Response: b'<!DOCTYPE html>\n<html lang="en">\n<head>\n  <meta http-equiv="content-type" content="text/html; charset=utf-8">\n  <title>Page not found at /api/dynamic/ac2fd023-ccf6-4545-8ba2-a66532c8b755/</title>\n  <meta name="robots" content="NONE,NOARCHIVE">\n  <style>\n    html * { padding:0; margin:0; }\n    body * { padding:10px 20px; }\n    body * * { padding:0; }\n    body { font-family: sans-serif; background:#eee; color:#000; }\n    body > :where(header, main, footer) { border-bottom:1px solid #ddd; }\n    h1 { font-weight:normal; margin-bottom:.4em; }\n    h1 small { font-size:60%; color:#666; font-weight:normal; }\n    table { border:none; border-collapse: collapse; width:100%; }\n    td, th { vertical-align:top; padding:2px 3px; }\n    th { width:12em; text-align:right; color:#666; padding-right:.5em; }\n    #info { background:#f6f6f6; }\n    #info ol { margin: 0.5em 4em; }\n    #info ol li { font-family: monospace; }\n    #summary { background: #ffc; }\n    #explanation { background:#eee; border-bottom: 0px none; }\n    pre.exception_value { font-family: sans-serif; color: #575757; font-size: 1.5em; margin: 10px 0 10px 0; }\n  </style>\n</head>\n<body>\n  <header id="summary">\n    <h1>Page not found <small>(404)</small></h1>\n    \n    <table class="meta">\n      <tr>\n        <th scope="row">Request Method:</th>\n        <td>POST</td>\n      </tr>\n      <tr>\n        <th scope="row">Request URL:</th>\n        <td>http://testserver/api/dynamic/ac2fd023-ccf6-4545-8ba2-a66532c8b755/</td>\n      </tr>\n      \n    </table>\n  </header>\n\n  <main id="info">\n    \n      <p>\n      Using the URLconf defined in <code>ecommerce_project.urls</code>,\n      Django tried these URL patterns, in this order:\n      </p>\n      <ol>\n        \n          <li>\n            \n              <code>\n                admin/\n                \n              </code>\n            \n          </li>\n        \n          <li>\n            \n              <code>\n                \n                \n              </code>\n            \n              <code>\n                api/home/\n                [name=\'home-api\']\n              </code>\n            \n          </li>\n        \n          <li>\n            \n              <code>\n                \n                \n              </code>\n            \n              <code>\n                api/\n                \n              </code>\n            \n              <code>\n                ^withdrawal-requests/$\n                [name=\'withdrawal-requests-list\']\n              </code>\n            \n          </li>\n        \n          <li>\n            \n              <code>\n                \n                \n              </code>\n            \n              <code>\n                api/\n                \n              </code>\n            \n              <code>\n                ^withdrawal-requests\\.(?P&lt;format&gt;[a-z0-9]+)/?$\n                [name=\'withdrawal-requests-list\']\n              </code>\n            \n          </li>\n        \n          <li>\n            \n              <code>\n                \n                \n              </code>\n            \n              <code>\n                api/\n                \n              </code>\n            \n              <code>\n                ^withdrawal-requests/request/$\n                [name=\'withdrawal-requests-request\']\n              </code>\n            \n          </li>\n        \n          <li>\n            \n              <code>\n                \n                \n              </code>\n            \n              <code>\n                api/\n                \n              </code>\n            \n              <code>\n                ^withdrawal-requests/request\\.(?P&lt;format&gt;[a-z0-9]+)/?$\n                [name=\'withdrawal-requests-request\']\n              </code>\n            \n          </li>\n        \n          <li>\n            \n              <code>\n                \n                \n              </code>\n            \n              <code>\n                api/\n                \n              </code>\n            \n              <code>\n                ^withdrawal-requests/(?P&lt;pk&gt;[^/.]+)/$\n                [name=\'withdrawal-requests-detail\']\n              </code>\n            \n          </li>\n        \n          <li>\n            \n              <code>\n                \n                \n              </code>\n            \n              <code>\n                api/\n                \n              </code>\n            \n              <code>\n                ^withdrawal-requests/(?P&lt;pk&gt;[^/.]+)\\.(?P&lt;format&gt;[a-z0-9]+)/?$\n                [name=\'withdrawal-requests-detail\']\n              </code>\n            \n          </li>\n        \n          <li>\n            \n              <code>\n                \n                \n              </code>\n            \n              <code>\n                api/\n                \n              </code>\n            \n              <code>\n                ^categories/$\n                [name=\'category-list\']\n              </code>\n            \n          </li>\n        \n          <li>\n            \n              <code>\n                \n                \n              </code>\n            \n              <code>\n                api/\n                \n              </code>\n            \n              <code>\n                ^categories\\.(?P&lt;format&gt;[a-z0-9]+)/?$\n                [name=\'category-list\']\n              </code>\n            \n          </li>\n        \n          <li>\n            \n              <code>\n                \n                \n              </code>\n            \n              <code>\n                api/\n                \n              </code>\n            \n              <code>\n                ^categories/(?P&lt;pk&gt;[^/.]+)/$\n                [name=\'category-detail\']\n              </code>\n            \n          </li>\n        \n          <li>\n            \n              <code>\n                \n                \n              </code>\n            \n              <code>\n                api/\n                \n              </code>\n            \n              <code>\n                ^categories/(?P&lt;pk&gt;[^/.]+)\\.(?P&lt;format&gt;[a-z0-9]+)/?$\n                [name=\'category-detail\']\n              </code>\n            \n          </li>\n        \n          <li>\n            \n              <code>\n                \n                \n              </code>\n            \n              <code>\n                api/\n                \n              </code>\n            \n              <code>\n                ^products/$\n                [name=\'product-list\']\n              </code>\n            \n          </li>\n        \n          <li>\n            \n              <code>\n                \n                \n              </code>\n            \n              <code>\n                api/\n                \n              </code>\n            \n              <code>\n                ^products\\.(?P&lt;format&gt;[a-z0-9]+)/?$\n                [name=\'product-list\']\n              </code>\n            \n          </li>\n        \n          <li>\n            \n              <code>\n                \n                \n              </code>\n            \n              <code>\n                api/\n                \n              </code>\n            \n              <code>\n                ^products/(?P&lt;pk&gt;[^/.]+)/$\n                [name=\'product-detail\']\n              </code>\n            \n          </li>\n        \n          <li>\n            \n              <code>\n                \n                \n              </code>\n            \n              <code>\n                api/\n                \n              </code>\n            \n              <code>\n                ^products/(?P&lt;pk&gt;[^/.]+)\\.(?P&lt;format&gt;[a-z0-9]+)/?$\n                [name=\'product-detail\']\n              </code>\n            \n          </li>\n        \n          <li>\n            \n              <code>\n                \n                \n              </code>\n            \n              <code>\n                api/\n                \n              </code>\n            \n              <code>\n                ^profiles/$\n                [name=\'profile-list\']\n              </code>\n            \n          </li>\n        \n          <li>\n            \n              <code>\n                \n                \n              </code>\n            \n              <code>\n                api/\n                \n              </code>\n            \n              <code>\n                ^profiles\\.(?P&lt;format&gt;[a-z0-9]+)/?$\n                [name=\'profile-list\']\n              </code>\n            \n          </li>\n        \n          <li>\n            \n              <code>\n                \n                \n              </code>\n            \n              <code>\n                api/\n                \n              </code>\n            \n              <code>\n                ^profiles/(?P&lt;pk&gt;[^/.]+)/$\n                [name=\'profile-detail\']\n              </code>\n            \n          </li>\n        \n          <li>\n            \n              <code>\n                \n                \n              </code>\n            \n              <code>\n                api/\n                \n              </code>\n            \n              <code>\n                ^profiles/(?P&lt;pk&gt;[^/.]+)\\.(?P&lt;format&gt;[a-z0-9]+)/?$\n                [name=\'profile-detail\']\n              </code>\n            \n          </li>\n        \n          <li>\n            \n              <code>\n                \n                \n              </code>\n            \n              <code>\n                api/\n                \n              </code>\n            \n              <code>\n                ^wallet/$\n                [name=\'wallet-list\']\n              </code>\n            \n          </li>\n        \n          <li>\n            \n              <code>\n                \n                \n              </code>\n            \n              <code>\n                api/\n                \n              </code>\n            \n              <code>\n                ^wallet\\.(?P&lt;format&gt;[a-z0-9]+)/?$\n                [name=\'wallet-list\']\n              </code>\n            \n          </li>\n        \n          <li>\n            \n              <code>\n                \n                \n              </code>\n            \n              <code>\n                api/\n                \n              </code>\n            \n              <code>\n                ^wallet/(?P&lt;pk&gt;[^/.]+)/$\n                [name=\'wallet-detail\']\n              </code>\n            \n          </li>\n        \n          <li>\n            \n              <code>\n                \n                \n              </code>\n            \n              <code>\n                api/\n                \n              </code>\n            \n              <code>\n                ^wallet/(?P&lt;pk&gt;[^/.]+)\\.(?P&lt;format&gt;[a-z0-9]+)/?$\n                [name=\'wallet-detail\']\n              </code>\n            \n          </li>\n        \n          <li>\n            \n              <code>\n                \n                \n              </code>\n            \n              <code>\n                api/\n                \n              </code>\n            \n              <code>\n                ^payins/$\n                [name=\'payinrequest-list\']\n              </code>\n            \n          </li>\n        \n          <li>\n            \n              <code>\n                \n                \n              </code>\n            \n              <code>\n                api/\n                \n              </code>\n            \n              <code>\n                ^payins\\.(?P&lt;format&gt;[a-z0-9]+)/?$\n                [name=\'payinrequest-list\']\n              </code>\n            \n          </li>\n        \n          <li>\n            \n              <code>\n                \n                \n              </code>\n            \n              <code>\n                api/\n                \n              </code>\n            \n              <code>\n                ^payins/(?P&lt;pk&gt;[^/.]+)/$\n                [name=\'payinrequest-detail\']\n              </code>\n            \n          </li>\n        \n          <li>\n            \n              <code>\n                \n                \n              </code>\n            \n              <code>\n                api/\n                \n              </code>\n            \n              <code>\n                ^payins/(?P&lt;pk&gt;[^/.]+)\\.(?P&lt;format&gt;[a-z0-9]+)/?$\n                [name=\'payinrequest-detail\']\n              </code>\n            \n          </li>\n        \n          <li>\n            \n              <code>\n                \n                \n              </code>\n            \n              <code>\n                api/\n                \n              </code>\n            \n              <code>\n                ^transactions/$\n                [name=\'transaction-list\']\n              </code>\n            \n          </li>\n        \n          <li>\n            \n              <code>\n                \n                \n              </code>\n            \n              <code>\n                api/\n                \n              </code>\n            \n              <code>\n                ^transactions\\.(?P&lt;format&gt;[a-z0-9]+)/?$\n                [name=\'transaction-list\']\n              </code>\n            \n          </li>\n        \n          <li>\n            \n              <code>\n                \n                \n              </code>\n            \n              <code>\n                api/\n                \n              </code>\n            \n              <code>\n                ^transactions/(?P&lt;pk&gt;[^/.]+)/$\n                [name=\'transaction-detail\']\n              </code>\n            \n          </li>\n        \n          <li>\n            \n              <code>\n                \n                \n              </code>\n            \n              <code>\n                api/\n                \n              </code>\n            \n              <code>\n                ^transactions/(?P&lt;pk&gt;[^/.]+)\\.(?P&lt;format&gt;[a-z0-9]+)/?$\n                [name=\'transaction-detail\']\n              </code>\n            \n          </li>\n        \n          <li>\n            \n              <code>\n                \n                \n              </code>\n            \n              <code>\n                api/\n                \n              </code>\n            \n              <code>\n                ^coupons/$\n                [name=\'coupon-list\']\n              </code>\n            \n          </li>\n        \n          <li>\n            \n              <code>\n                \n                \n              </code>\n            \n              <code>\n                api/\n                \n              </code>\n            \n              <code>\n                ^coupons\\.(?P&lt;format&gt;[a-z0-9]+)/?$\n                [name=\'coupon-list\']\n              </code>\n            \n          </li>\n        \n          <li>\n            \n              <code>\n                \n                \n              </code>\n            \n              <code>\n                api/\n                \n              </code>\n            \n              <code>\n                ^coupons/(?P&lt;pk&gt;[^/.]+)/$\n                [name=\'coupon-detail\']\n              </code>\n            \n          </li>\n        \n          <li>\n            \n              <code>\n                \n                \n              </code>\n            \n              <code>\n                api/\n                \n              </code>\n            \n              <code>\n                ^coupons/(?P&lt;pk&gt;[^/.]+)\\.(?P&lt;format&gt;[a-z0-9]+)/?$\n                [name=\'coupon-detail\']\n              </code>\n            \n          </li>\n        \n          <li>\n            \n              <code>\n                \n                \n              </code>\n            \n              <code>\n                api/\n                \n              </code>\n            \n              <code>\n                ^orders/$\n                [name=\'order-list\']\n              </code>\n            \n          </li>\n        \n          <li>\n            \n              <code>\n                \n                \n              </code>\n            \n              <code>\n                api/\n                \n              </code>\n            \n              <code>\n                ^orders\\.(?P&lt;format&gt;[a-z0-9]+)/?$\n                [name=\'order-list\']\n              </code>\n            \n          </li>\n        \n          <li>\n            \n              <code>\n                \n                \n              </code>\n            \n              <code>\n                api/\n                \n              </code>\n            \n              <code>\n                ^orders/(?P&lt;pk&gt;[^/.]+)/$\n                [name=\'order-detail\']\n              </code>\n            \n          </li>\n        \n          <li>\n            \n              <code>\n                \n                \n              </code>\n            \n              <code>\n                api/\n                \n              </code>\n            \n              <code>\n                ^orders/(?P&lt;pk&gt;[^/.]+)\\.(?P&lt;format&gt;[a-z0-9]+)/?$\n                [name=\'order-detail\']\n              </code>\n            \n          </li>\n        \n          <li>\n            \n              <code>\n                \n                \n              </code>\n            \n              <code>\n                api/\n                \n              </code>\n            \n              <code>\n                ^banners/$\n                [name=\'banner-list\']\n              </code>\n            \n          </li>\n        \n          <li>\n            \n              <code>\n                \n                \n              </code>\n            \n              <code>\n                api/\n                \n              </code>\n            \n              <code>\n                ^banners\\.(?P&lt;format&gt;[a-z0-9]+)/?$\n                [name=\'banner-list\']\n              </code>\n            \n          </li>\n        \n          <li>\n            \n              <code>\n                \n                \n              </code>\n            \n              <code>\n                api/\n                \n              </code>\n            \n              <code>\n                ^banners/(?P&lt;pk&gt;[^/.]+)/$\n                [name=\'banner-detail\']\n              </code>\n            \n          </li>\n        \n          <li>\n            \n              <code>\n                \n                \n              </code>\n            \n              <code>\n                api/\n                \n              </code>\n            \n              <code>\n                ^banners/(?P&lt;pk&gt;[^/.]+)\\.(?P&lt;format&gt;[a-z0-9]+)/?$\n                [name=\'banner-detail\']\n              </code>\n            \n          </li>\n        \n          <li>\n            \n              <code>\n                \n                \n              </code>\n            \n              <code>\n                api/\n                \n              </code>\n            \n              <code>\n                ^user-addresses/$\n                [name=\'user-addresses-list\']\n              </code>\n            \n          </li>\n        \n          <li>\n            \n              <code>\n                \n                \n              </code>\n            \n              <code>\n                api/\n                \n              </code>\n            \n              <code>\n                ^user-addresses\\.(?P&lt;format&gt;[a-z0-9]+)/?$\n                [name=\'user-addresses-list\']\n              </code>\n            \n          </li>\n        \n          <li>\n            \n              <code>\n                \n                \n              </code>\n            \n              <code>\n                api/\n                \n              </code>\n            \n              <code>\n                ^user-addresses/(?P&lt;pk&gt;[^/.]+)/$\n                [name=\'user-addresses-detail\']\n              </code>\n            \n          </li>\n        \n          <li>\n            \n              <code>\n                \n                \n              </code>\n            \n              <code>\n                api/\n                \n              </code>\n            \n              <code>\n                ^user-addresses/(?P&lt;pk&gt;[^/.]+)\\.(?P&lt;format&gt;[a-z0-9]+)/?$\n                [name=\'user-addresses-detail\']\n              </code>\n            \n          </li>\n        \n          <li>\n            \n              <code>\n                \n                \n              </code>\n            \n              <code>\n                api/\n                \n              </code>\n            \n              <code>\n                ^cart/$\n                [name=\'cart-list\']\n              </code>\n            \n          </li>\n        \n          <li>\n            \n              <code>\n                \n                \n              </code>\n            \n              <code>\n                api/\n                \n              </code>\n            \n              <code>\n                ^cart\\.(?P&lt;format&gt;[a-z0-9]+)/?$\n                [name=\'cart-list\']\n              </code>\n            \n          </li>\n        \n          <li>\n            \n              <code>\n                \n                \n              </code>\n            \n              <code>\n                api/\n                \n              </code>\n            \n              <code>\n                ^cart/add_item/$\n                [name=\'cart-add-item\']\n              </code>\n            \n          </li>\n        \n          <li>\n            \n              <code>\n                \n                \n              </code>\n            \n              <code>\n                api/\n                \n              </code>\n            \n              <code>\n                ^cart/add_item\\.(?P&lt;format&gt;[a-z0-9]+)/?$\n                [name=\'cart-add-item\']\n              </code>\n            \n          </li>\n        \n          <li>\n            \n              <code>\n                \n                \n              </code>\n            \n              <code>\n                api/\n                \n              </code>\n            \n              <code>\n                ^cart/clear/$\n                [name=\'cart-clear\']\n              </code>\n            \n          </li>\n        \n          <li>\n            \n              <code>\n                \n                \n              </code>\n            \n              <code>\n                api/\n                \n              </code>\n            \n              <code>\n                ^cart/clear\\.(?P&lt;format&gt;[a-z0-9]+)/?$\n                [name=\'cart-clear\']\n              </code>\n            \n          </li>\n        \n          <li>\n            \n              <code>\n                \n                \n              </code>\n            \n              <code>\n                api/\n                \n              </code>\n            \n              <code>\n                ^cart/decrease_item/$\n                [name=\'cart-decrease-item\']\n              </code>\n            \n          </li>\n        \n          <li>\n            \n              <code>\n                \n                \n              </code>\n            \n              <code>\n                api/\n                \n              </code>\n            \n              <code>\n                ^cart/decrease_item\\.(?P&lt;format&gt;[a-z0-9]+)/?$\n                [name=\'cart-decrease-item\']\n              </code>\n            \n          </li>\n        \n          <li>\n            \n              <code>\n                \n                \n              </code>\n            \n              <code>\n                api/\n                \n              </code>\n            \n              <code>\n                ^cart/remove_item/$\n                [name=\'cart-remove-item\']\n              </code>\n            \n          </li>\n        \n          <li>\n            \n              <code>\n                \n                \n              </code>\n            \n              <code>\n                api/\n                \n              </code>\n            \n              <code>\n                ^cart/remove_item\\.(?P&lt;format&gt;[a-z0-9]+)/?$\n                [name=\'cart-remove-item\']\n              </code>\n            \n          </li>\n        \n          <li>\n            \n              <code>\n                \n                \n              </code>\n            \n              <code>\n                api/\n                \n              </code>\n            \n              <code>\n                ^checkout/process/$\n                [name=\'checkout-process\']\n              </code>\n            \n          </li>\n        \n          <li>\n            \n              <code>\n                \n                \n              </code>\n            \n              <code>\n                api/\n                \n              </code>\n            \n              <code>\n                ^checkout/process\\.(?P&lt;format&gt;[a-z0-9]+)/?$\n                [name=\'checkout-process\']\n              </code>\n            \n          </li>\n        \n          <li>\n            \n              <code>\n                \n                \n              </code>\n            \n              <code>\n                api/\n                \n              </code>\n            \n              <code>\n                ^kyc/$\n                [name=\'kyc-list\']\n              </code>\n            \n          </li>\n        \n          <li>\n            \n              <code>\n                \n                \n              </code>\n            \n              <code>\n                api/\n                \n              </code>\n            \n              <code>\n                ^kyc\\.(?P&lt;format&gt;[a-z0-9]+)/?$\n                [name=\'kyc-list\']\n              </code>\n            \n          </li>\n        \n          <li>\n            \n              <code>\n                \n                \n              </code>\n            \n              <code>\n                api/\n                \n              </code>\n            \n              <code>\n                ^kyc/(?P&lt;pk&gt;[^/.]+)/$\n                [name=\'kyc-detail\']\n              </code>\n            \n          </li>\n        \n          <li>\n            \n              <code>\n                \n                \n              </code>\n            \n              <code>\n                api/\n                \n              </code>\n            \n              <code>\n                ^kyc/(?P&lt;pk&gt;[^/.]+)\\.(?P&lt;format&gt;[a-z0-9]+)/?$\n                [name=\'kyc-detail\']\n              </code>\n            \n          </li>\n        \n          <li>\n            \n              <code>\n                \n                \n              </code>\n            \n              <code>\n                api/\n                \n              </code>\n            \n              <code>\n                ^support-tickets/$\n                [name=\'support-tickets-list\']\n              </code>\n            \n          </li>\n        \n          <li>\n            \n              <code>\n                \n                \n              </code>\n            \n              <code>\n                api/\n                \n              </code>\n            \n              <code>\n                ^support-tickets\\.(?P&lt;format&gt;[a-z0-9]+)/?$\n                [name=\'support-tickets-list\']\n              </code>\n            \n          </li>\n        \n          <li>\n            \n              <code>\n                \n                \n              </code>\n            \n              <code>\n                api/\n                \n              </code>\n            \n              <code>\n                ^support-tickets/(?P&lt;pk&gt;[^/.]+)/$\n                [name=\'support-tickets-detail\']\n              </code>\n            \n          </li>\n        \n          <li>\n            \n              <code>\n                \n                \n              </code>\n            \n              <code>\n                api/\n                \n              </code>\n            \n              <code>\n                ^support-tickets/(?P&lt;pk&gt;[^/.]+)\\.(?P&lt;format&gt;[a-z0-9]+)/?$\n                [name=\'support-tickets-detail\']\n              </code>\n            \n          </li>\n        \n          <li>\n            \n              <code>\n                \n                \n              </code>\n            \n              <code>\n                api/\n                \n              </code>\n            \n              <code>\n                \n                [name=\'api-root\']\n              </code>\n            \n          </li>\n        \n          <li>\n            \n              <code>\n                \n                \n              </code>\n            \n              <code>\n                api/\n                \n              </code>\n            \n              <code>\n                &lt;drf_format_suffix:format&gt;\n                [name=\'api-root\']\n              </code>\n            \n          </li>\n        \n          <li>\n            \n              <code>\n                \n                \n              </code>\n            \n              <code>\n                \n                [name=\'index\']\n              </code>\n            \n          </li>\n        \n          <li>\n            \n              <code>\n                \n                \n              </code>\n            \n              <code>\n                web/&lt;str:key&gt;\n                [name=\'page\']\n              </code>\n            \n          </li>\n        \n          <li>\n            \n              <code>\n                \n                \n              </code>\n            \n              <code>\n                web/api/\n                [name=\'api\']\n              </code>\n            \n          </li>\n        \n          <li>\n            \n              <code>\n                ^static/(?P&lt;path&gt;.*)$\n                \n              </code>\n            \n          </li>\n        \n          <li>\n            \n              <code>\n                ^media/(?P&lt;path&gt;.*)$\n                \n              </code>\n            \n          </li>\n        \n      </ol>\n      <p>\n        \n          The current path, <code>api/dynamic/ac2fd023-ccf6-4545-8ba2-a66532c8b755/</code>,\n        \n        didn\xe2\x80\x99t match any of these.\n      </p>\n    \n  </main>\n\n  <footer id="explanation">\n    <p>\n      You\xe2\x80\x99re seeing this error because you have <code>DEBUG = True</code> in\n      your Django settings file. Change that to <code>False</code>, and Django\n      will display a standard 404 page.\n    </p>\n  </footer>\n</body>\n</html>\n'

--- Testing API: Get Binary Tree ---
URL: /api/dynamic/9c7f1696-efd2-43e2-b728-2c960fd36c2b/
Status Code: 404
Error Response: b'<!DOCTYPE html>\n<html lang="en">\n<head>\n  <meta http-equiv="content-type" content="text/html; charset=utf-8">\n  <title>Page not found at /api/dynamic/9c7f1696-efd2-43e2-b728-2c960fd36c2b/</title>\n  <meta name="robots" content="NONE,NOARCHIVE">\n  <style>\n    html * { padding:0; margin:0; }\n    body * { padding:10px 20px; }\n    body * * { padding:0; }\n    body { font-family: sans-serif; background:#eee; color:#000; }\n    body > :where(header, main, footer) { border-bottom:1px solid #ddd; }\n    h1 { font-weight:normal; margin-bottom:.4em; }\n    h1 small { font-size:60%; color:#666; font-weight:normal; }\n    table { border:none; border-collapse: collapse; width:100%; }\n    td, th { vertical-align:top; padding:2px 3px; }\n    th { width:12em; text-align:right; color:#666; padding-right:.5em; }\n    #info { background:#f6f6f6; }\n    #info ol { margin: 0.5em 4em; }\n    #info ol li { font-family: monospace; }\n    #summary { background: #ffc; }\n    #explanation { background:#eee; border-bottom: 0px none; }\n    pre.exception_value { font-family: sans-serif; color: #575757; font-size: 1.5em; margin: 10px 0 10px 0; }\n  </style>\n</head>\n<body>\n  <header id="summary">\n    <h1>Page not found <small>(404)</small></h1>\n    \n    <table class="meta">\n      <tr>\n        <th scope="row">Request Method:</th>\n        <td>POST</td>\n      </tr>\n      <tr>\n        <th scope="row">Request URL:</th>\n        <td>http://testserver/api/dynamic/9c7f1696-efd2-43e2-b728-2c960fd36c2b/</td>\n      </tr>\n      \n    </table>\n  </header>\n\n  <main id="info">\n    \n      <p>\n      Using the URLconf defined in <code>ecommerce_project.urls</code>,\n      Django tried these URL patterns, in this order:\n      </p>\n      <ol>\n        \n          <li>\n            \n              <code>\n                admin/\n                \n              </code>\n            \n          </li>\n        \n          <li>\n            \n              <code>\n                \n                \n              </code>\n            \n              <code>\n                api/home/\n                [name=\'home-api\']\n              </code>\n            \n          </li>\n        \n          <li>\n            \n              <code>\n                \n                \n              </code>\n            \n              <code>\n                api/\n                \n              </code>\n            \n              <code>\n                ^withdrawal-requests/$\n                [name=\'withdrawal-requests-list\']\n              </code>\n            \n          </li>\n        \n          <li>\n            \n              <code>\n                \n                \n              </code>\n            \n              <code>\n                api/\n                \n              </code>\n            \n              <code>\n                ^withdrawal-requests\\.(?P&lt;format&gt;[a-z0-9]+)/?$\n                [name=\'withdrawal-requests-list\']\n              </code>\n            \n          </li>\n        \n          <li>\n            \n              <code>\n                \n                \n              </code>\n            \n              <code>\n                api/\n                \n              </code>\n            \n              <code>\n                ^withdrawal-requests/request/$\n                [name=\'withdrawal-requests-request\']\n              </code>\n            \n          </li>\n        \n          <li>\n            \n              <code>\n                \n                \n              </code>\n            \n              <code>\n                api/\n                \n              </code>\n            \n              <code>\n                ^withdrawal-requests/request\\.(?P&lt;format&gt;[a-z0-9]+)/?$\n                [name=\'withdrawal-requests-request\']\n              </code>\n            \n          </li>\n        \n          <li>\n            \n              <code>\n                \n                \n              </code>\n            \n              <code>\n                api/\n                \n              </code>\n            \n              <code>\n                ^withdrawal-requests/(?P&lt;pk&gt;[^/.]+)/$\n                [name=\'withdrawal-requests-detail\']\n              </code>\n            \n          </li>\n        \n          <li>\n            \n              <code>\n                \n                \n              </code>\n            \n              <code>\n                api/\n                \n              </code>\n            \n              <code>\n                ^withdrawal-requests/(?P&lt;pk&gt;[^/.]+)\\.(?P&lt;format&gt;[a-z0-9]+)/?$\n                [name=\'withdrawal-requests-detail\']\n              </code>\n            \n          </li>\n        \n          <li>\n            \n              <code>\n                \n                \n              </code>\n            \n              <code>\n                api/\n                \n              </code>\n            \n              <code>\n                ^categories/$\n                [name=\'category-list\']\n              </code>\n            \n          </li>\n        \n          <li>\n            \n              <code>\n                \n                \n              </code>\n            \n              <code>\n                api/\n                \n              </code>\n            \n              <code>\n                ^categories\\.(?P&lt;format&gt;[a-z0-9]+)/?$\n                [name=\'category-list\']\n              </code>\n            \n          </li>\n        \n          <li>\n            \n              <code>\n                \n                \n              </code>\n            \n              <code>\n                api/\n                \n              </code>\n            \n              <code>\n                ^categories/(?P&lt;pk&gt;[^/.]+)/$\n                [name=\'category-detail\']\n              </code>\n            \n          </li>\n        \n          <li>\n            \n              <code>\n                \n                \n              </code>\n            \n              <code>\n                api/\n                \n              </code>\n            \n              <code>\n                ^categories/(?P&lt;pk&gt;[^/.]+)\\.(?P&lt;format&gt;[a-z0-9]+)/?$\n                [name=\'category-detail\']\n              </code>\n            \n          </li>\n        \n          <li>\n            \n              <code>\n                \n                \n              </code>\n            \n              <code>\n                api/\n                \n              </code>\n            \n              <code>\n                ^products/$\n                [name=\'product-list\']\n              </code>\n            \n          </li>\n        \n          <li>\n            \n              <code>\n                \n                \n              </code>\n            \n              <code>\n                api/\n                \n              </code>\n            \n              <code>\n                ^products\\.(?P&lt;format&gt;[a-z0-9]+)/?$\n                [name=\'product-list\']\n              </code>\n            \n          </li>\n        \n          <li>\n            \n              <code>\n                \n                \n              </code>\n            \n              <code>\n                api/\n                \n              </code>\n            \n              <code>\n                ^products/(?P&lt;pk&gt;[^/.]+)/$\n                [name=\'product-detail\']\n              </code>\n            \n          </li>\n        \n          <li>\n            \n              <code>\n                \n                \n              </code>\n            \n              <code>\n                api/\n                \n              </code>\n            \n              <code>\n                ^products/(?P&lt;pk&gt;[^/.]+)\\.(?P&lt;format&gt;[a-z0-9]+)/?$\n                [name=\'product-detail\']\n              </code>\n            \n          </li>\n        \n          <li>\n            \n              <code>\n                \n                \n              </code>\n            \n              <code>\n                api/\n                \n              </code>\n            \n              <code>\n                ^profiles/$\n                [name=\'profile-list\']\n              </code>\n            \n          </li>\n        \n          <li>\n            \n              <code>\n                \n                \n              </code>\n            \n              <code>\n                api/\n                \n              </code>\n            \n              <code>\n                ^profiles\\.(?P&lt;format&gt;[a-z0-9]+)/?$\n                [name=\'profile-list\']\n              </code>\n            \n          </li>\n        \n          <li>\n            \n              <code>\n                \n                \n              </code>\n            \n              <code>\n                api/\n                \n              </code>\n            \n              <code>\n                ^profiles/(?P&lt;pk&gt;[^/.]+)/$\n                [name=\'profile-detail\']\n              </code>\n            \n          </li>\n        \n          <li>\n            \n              <code>\n                \n                \n              </code>\n            \n              <code>\n                api/\n                \n              </code>\n            \n              <code>\n                ^profiles/(?P&lt;pk&gt;[^/.]+)\\.(?P&lt;format&gt;[a-z0-9]+)/?$\n                [name=\'profile-detail\']\n              </code>\n            \n          </li>\n        \n          <li>\n            \n              <code>\n                \n                \n              </code>\n            \n              <code>\n                api/\n                \n              </code>\n            \n              <code>\n                ^wallet/$\n                [name=\'wallet-list\']\n              </code>\n            \n          </li>\n        \n          <li>\n            \n              <code>\n                \n                \n              </code>\n            \n              <code>\n                api/\n                \n              </code>\n            \n              <code>\n                ^wallet\\.(?P&lt;format&gt;[a-z0-9]+)/?$\n                [name=\'wallet-list\']\n              </code>\n            \n          </li>\n        \n          <li>\n            \n              <code>\n                \n                \n              </code>\n            \n              <code>\n                api/\n                \n              </code>\n            \n              <code>\n                ^wallet/(?P&lt;pk&gt;[^/.]+)/$\n                [name=\'wallet-detail\']\n              </code>\n            \n          </li>\n        \n          <li>\n            \n              <code>\n                \n                \n              </code>\n            \n              <code>\n                api/\n                \n              </code>\n            \n              <code>\n                ^wallet/(?P&lt;pk&gt;[^/.]+)\\.(?P&lt;format&gt;[a-z0-9]+)/?$\n                [name=\'wallet-detail\']\n              </code>\n            \n          </li>\n        \n          <li>\n            \n              <code>\n                \n                \n              </code>\n            \n              <code>\n                api/\n                \n              </code>\n            \n              <code>\n                ^payins/$\n                [name=\'payinrequest-list\']\n              </code>\n            \n          </li>\n        \n          <li>\n            \n              <code>\n                \n                \n              </code>\n            \n              <code>\n                api/\n                \n              </code>\n            \n              <code>\n                ^payins\\.(?P&lt;format&gt;[a-z0-9]+)/?$\n                [name=\'payinrequest-list\']\n              </code>\n            \n          </li>\n        \n          <li>\n            \n              <code>\n                \n                \n              </code>\n            \n              <code>\n                api/\n                \n              </code>\n            \n              <code>\n                ^payins/(?P&lt;pk&gt;[^/.]+)/$\n                [name=\'payinrequest-detail\']\n              </code>\n            \n          </li>\n        \n          <li>\n            \n              <code>\n                \n                \n              </code>\n            \n              <code>\n                api/\n                \n              </code>\n            \n              <code>\n                ^payins/(?P&lt;pk&gt;[^/.]+)\\.(?P&lt;format&gt;[a-z0-9]+)/?$\n                [name=\'payinrequest-detail\']\n              </code>\n            \n          </li>\n        \n          <li>\n            \n              <code>\n                \n                \n              </code>\n            \n              <code>\n                api/\n                \n              </code>\n            \n              <code>\n                ^transactions/$\n                [name=\'transaction-list\']\n              </code>\n            \n          </li>\n        \n          <li>\n            \n              <code>\n                \n                \n              </code>\n            \n              <code>\n                api/\n                \n              </code>\n            \n              <code>\n                ^transactions\\.(?P&lt;format&gt;[a-z0-9]+)/?$\n                [name=\'transaction-list\']\n              </code>\n            \n          </li>\n        \n          <li>\n            \n              <code>\n                \n                \n              </code>\n            \n              <code>\n                api/\n                \n              </code>\n            \n              <code>\n                ^transactions/(?P&lt;pk&gt;[^/.]+)/$\n                [name=\'transaction-detail\']\n              </code>\n            \n          </li>\n        \n          <li>\n            \n              <code>\n                \n                \n              </code>\n            \n              <code>\n                api/\n                \n              </code>\n            \n              <code>\n                ^transactions/(?P&lt;pk&gt;[^/.]+)\\.(?P&lt;format&gt;[a-z0-9]+)/?$\n                [name=\'transaction-detail\']\n              </code>\n            \n          </li>\n        \n          <li>\n            \n              <code>\n                \n                \n              </code>\n            \n              <code>\n                api/\n                \n              </code>\n            \n              <code>\n                ^coupons/$\n                [name=\'coupon-list\']\n              </code>\n            \n          </li>\n        \n          <li>\n            \n              <code>\n                \n                \n              </code>\n            \n              <code>\n                api/\n                \n              </code>\n            \n              <code>\n                ^coupons\\.(?P&lt;format&gt;[a-z0-9]+)/?$\n                [name=\'coupon-list\']\n              </code>\n            \n          </li>\n        \n          <li>\n            \n              <code>\n                \n                \n              </code>\n            \n              <code>\n                api/\n                \n              </code>\n            \n              <code>\n                ^coupons/(?P&lt;pk&gt;[^/.]+)/$\n                [name=\'coupon-detail\']\n              </code>\n            \n          </li>\n        \n          <li>\n            \n              <code>\n                \n                \n              </code>\n            \n              <code>\n                api/\n                \n              </code>\n            \n              <code>\n                ^coupons/(?P&lt;pk&gt;[^/.]+)\\.(?P&lt;format&gt;[a-z0-9]+)/?$\n                [name=\'coupon-detail\']\n              </code>\n            \n          </li>\n        \n          <li>\n            \n              <code>\n                \n                \n              </code>\n            \n              <code>\n                api/\n                \n              </code>\n            \n              <code>\n                ^orders/$\n                [name=\'order-list\']\n              </code>\n            \n          </li>\n        \n          <li>\n            \n              <code>\n                \n                \n              </code>\n            \n              <code>\n                api/\n                \n              </code>\n            \n              <code>\n                ^orders\\.(?P&lt;format&gt;[a-z0-9]+)/?$\n                [name=\'order-list\']\n              </code>\n            \n          </li>\n        \n          <li>\n            \n              <code>\n                \n                \n              </code>\n            \n              <code>\n                api/\n                \n              </code>\n            \n              <code>\n                ^orders/(?P&lt;pk&gt;[^/.]+)/$\n                [name=\'order-detail\']\n              </code>\n            \n          </li>\n        \n          <li>\n            \n              <code>\n                \n                \n              </code>\n            \n              <code>\n                api/\n                \n              </code>\n            \n              <code>\n                ^orders/(?P&lt;pk&gt;[^/.]+)\\.(?P&lt;format&gt;[a-z0-9]+)/?$\n                [name=\'order-detail\']\n              </code>\n            \n          </li>\n        \n          <li>\n            \n              <code>\n                \n                \n              </code>\n            \n              <code>\n                api/\n                \n              </code>\n            \n              <code>\n                ^banners/$\n                [name=\'banner-list\']\n              </code>\n            \n          </li>\n        \n          <li>\n            \n              <code>\n                \n                \n              </code>\n            \n              <code>\n                api/\n                \n              </code>\n            \n              <code>\n                ^banners\\.(?P&lt;format&gt;[a-z0-9]+)/?$\n                [name=\'banner-list\']\n              </code>\n            \n          </li>\n        \n          <li>\n            \n              <code>\n                \n                \n              </code>\n            \n              <code>\n                api/\n                \n              </code>\n            \n              <code>\n                ^banners/(?P&lt;pk&gt;[^/.]+)/$\n                [name=\'banner-detail\']\n              </code>\n            \n          </li>\n        \n          <li>\n            \n              <code>\n                \n                \n              </code>\n            \n              <code>\n                api/\n                \n              </code>\n            \n              <code>\n                ^banners/(?P&lt;pk&gt;[^/.]+)\\.(?P&lt;format&gt;[a-z0-9]+)/?$\n                [name=\'banner-detail\']\n              </code>\n            \n          </li>\n        \n          <li>\n            \n              <code>\n                \n                \n              </code>\n            \n              <code>\n                api/\n                \n              </code>\n            \n              <code>\n                ^user-addresses/$\n                [name=\'user-addresses-list\']\n              </code>\n            \n          </li>\n        \n          <li>\n            \n              <code>\n                \n                \n              </code>\n            \n              <code>\n                api/\n                \n              </code>\n            \n              <code>\n                ^user-addresses\\.(?P&lt;format&gt;[a-z0-9]+)/?$\n                [name=\'user-addresses-list\']\n              </code>\n            \n          </li>\n        \n          <li>\n            \n              <code>\n                \n                \n              </code>\n            \n              <code>\n                api/\n                \n              </code>\n            \n              <code>\n                ^user-addresses/(?P&lt;pk&gt;[^/.]+)/$\n                [name=\'user-addresses-detail\']\n              </code>\n            \n          </li>\n        \n          <li>\n            \n              <code>\n                \n                \n              </code>\n            \n              <code>\n                api/\n                \n              </code>\n            \n              <code>\n                ^user-addresses/(?P&lt;pk&gt;[^/.]+)\\.(?P&lt;format&gt;[a-z0-9]+)/?$\n                [name=\'user-addresses-detail\']\n              </code>\n            \n          </li>\n        \n          <li>\n            \n              <code>\n                \n                \n              </code>\n            \n              <code>\n                api/\n                \n              </code>\n            \n              <code>\n                ^cart/$\n                [name=\'cart-list\']\n              </code>\n            \n          </li>\n        \n          <li>\n            \n              <code>\n                \n                \n              </code>\n            \n              <code>\n                api/\n                \n              </code>\n            \n              <code>\n                ^cart\\.(?P&lt;format&gt;[a-z0-9]+)/?$\n                [name=\'cart-list\']\n              </code>\n            \n          </li>\n        \n          <li>\n            \n              <code>\n                \n                \n              </code>\n            \n              <code>\n                api/\n                \n              </code>\n            \n              <code>\n                ^cart/add_item/$\n                [name=\'cart-add-item\']\n              </code>\n            \n          </li>\n        \n          <li>\n            \n              <code>\n                \n                \n              </code>\n            \n              <code>\n                api/\n                \n              </code>\n            \n              <code>\n                ^cart/add_item\\.(?P&lt;format&gt;[a-z0-9]+)/?$\n                [name=\'cart-add-item\']\n              </code>\n            \n          </li>\n        \n          <li>\n            \n              <code>\n                \n                \n              </code>\n            \n              <code>\n                api/\n                \n              </code>\n            \n              <code>\n                ^cart/clear/$\n                [name=\'cart-clear\']\n              </code>\n            \n          </li>\n        \n          <li>\n            \n              <code>\n                \n                \n              </code>\n            \n              <code>\n                api/\n                \n              </code>\n            \n              <code>\n                ^cart/clear\\.(?P&lt;format&gt;[a-z0-9]+)/?$\n                [name=\'cart-clear\']\n              </code>\n            \n          </li>\n        \n          <li>\n            \n              <code>\n                \n                \n              </code>\n            \n              <code>\n                api/\n                \n              </code>\n            \n              <code>\n                ^cart/decrease_item/$\n                [name=\'cart-decrease-item\']\n              </code>\n            \n          </li>\n        \n          <li>\n            \n              <code>\n                \n                \n              </code>\n            \n              <code>\n                api/\n                \n              </code>\n            \n              <code>\n                ^cart/decrease_item\\.(?P&lt;format&gt;[a-z0-9]+)/?$\n                [name=\'cart-decrease-item\']\n              </code>\n            \n          </li>\n        \n          <li>\n            \n              <code>\n                \n                \n              </code>\n            \n              <code>\n                api/\n                \n              </code>\n            \n              <code>\n                ^cart/remove_item/$\n                [name=\'cart-remove-item\']\n              </code>\n            \n          </li>\n        \n          <li>\n            \n              <code>\n                \n                \n              </code>\n            \n              <code>\n                api/\n                \n              </code>\n            \n              <code>\n                ^cart/remove_item\\.(?P&lt;format&gt;[a-z0-9]+)/?$\n                [name=\'cart-remove-item\']\n              </code>\n            \n          </li>\n        \n          <li>\n            \n              <code>\n                \n                \n              </code>\n            \n              <code>\n                api/\n                \n              </code>\n            \n              <code>\n                ^checkout/process/$\n                [name=\'checkout-process\']\n              </code>\n            \n          </li>\n        \n          <li>\n            \n              <code>\n                \n                \n              </code>\n            \n              <code>\n                api/\n                \n              </code>\n            \n              <code>\n                ^checkout/process\\.(?P&lt;format&gt;[a-z0-9]+)/?$\n                [name=\'checkout-process\']\n              </code>\n            \n          </li>\n        \n          <li>\n            \n              <code>\n                \n                \n              </code>\n            \n              <code>\n                api/\n                \n              </code>\n            \n              <code>\n                ^kyc/$\n                [name=\'kyc-list\']\n              </code>\n            \n          </li>\n        \n          <li>\n            \n              <code>\n                \n                \n              </code>\n            \n              <code>\n                api/\n                \n              </code>\n            \n              <code>\n                ^kyc\\.(?P&lt;format&gt;[a-z0-9]+)/?$\n                [name=\'kyc-list\']\n              </code>\n            \n          </li>\n        \n          <li>\n            \n              <code>\n                \n                \n              </code>\n            \n              <code>\n                api/\n                \n              </code>\n            \n              <code>\n                ^kyc/(?P&lt;pk&gt;[^/.]+)/$\n                [name=\'kyc-detail\']\n              </code>\n            \n          </li>\n        \n          <li>\n            \n              <code>\n                \n                \n              </code>\n            \n              <code>\n                api/\n                \n              </code>\n            \n              <code>\n                ^kyc/(?P&lt;pk&gt;[^/.]+)\\.(?P&lt;format&gt;[a-z0-9]+)/?$\n                [name=\'kyc-detail\']\n              </code>\n            \n          </li>\n        \n          <li>\n            \n              <code>\n                \n                \n              </code>\n            \n              <code>\n                api/\n                \n              </code>\n            \n              <code>\n                ^support-tickets/$\n                [name=\'support-tickets-list\']\n              </code>\n            \n          </li>\n        \n          <li>\n            \n              <code>\n                \n                \n              </code>\n            \n              <code>\n                api/\n                \n              </code>\n            \n              <code>\n                ^support-tickets\\.(?P&lt;format&gt;[a-z0-9]+)/?$\n                [name=\'support-tickets-list\']\n              </code>\n            \n          </li>\n        \n          <li>\n            \n              <code>\n                \n                \n              </code>\n            \n              <code>\n                api/\n                \n              </code>\n            \n              <code>\n                ^support-tickets/(?P&lt;pk&gt;[^/.]+)/$\n                [name=\'support-tickets-detail\']\n              </code>\n            \n          </li>\n        \n          <li>\n            \n              <code>\n                \n                \n              </code>\n            \n              <code>\n                api/\n                \n              </code>\n            \n              <code>\n                ^support-tickets/(?P&lt;pk&gt;[^/.]+)\\.(?P&lt;format&gt;[a-z0-9]+)/?$\n                [name=\'support-tickets-detail\']\n              </code>\n            \n          </li>\n        \n          <li>\n            \n              <code>\n                \n                \n              </code>\n            \n              <code>\n                api/\n                \n              </code>\n            \n              <code>\n                \n                [name=\'api-root\']\n              </code>\n            \n          </li>\n        \n          <li>\n            \n              <code>\n                \n                \n              </code>\n            \n              <code>\n                api/\n                \n              </code>\n            \n              <code>\n                &lt;drf_format_suffix:format&gt;\n                [name=\'api-root\']\n              </code>\n            \n          </li>\n        \n          <li>\n            \n              <code>\n                \n                \n              </code>\n            \n              <code>\n                \n                [name=\'index\']\n              </code>\n            \n          </li>\n        \n          <li>\n            \n              <code>\n                \n                \n              </code>\n            \n              <code>\n                web/&lt;str:key&gt;\n                [name=\'page\']\n              </code>\n            \n          </li>\n        \n          <li>\n            \n              <code>\n                \n                \n              </code>\n            \n              <code>\n                web/api/\n                [name=\'api\']\n              </code>\n            \n          </li>\n        \n          <li>\n            \n              <code>\n                ^static/(?P&lt;path&gt;.*)$\n                \n              </code>\n            \n          </li>\n        \n          <li>\n            \n              <code>\n                ^media/(?P&lt;path&gt;.*)$\n                \n              </code>\n            \n          </li>\n        \n      </ol>\n      <p>\n        \n          The current path, <code>api/dynamic/9c7f1696-efd2-43e2-b728-2c960fd36c2b/</code>,\n        \n        didn\xe2\x80\x99t match any of these.\n      </p>\n    \n  </main>\n\n  <footer id="explanation">\n    <p>\n      You\xe2\x80\x99re seeing this error because you have <code>DEBUG = True</code> in\n      your Django settings file. Change that to <code>False</code>, and Django\n      will display a standard 404 page.\n    </p>\n  </footer>\n</body>\n</html>\n'

--- Testing API: Get Downline List ---
URL: /api/dynamic/98070e8d-085b-400f-8292-1ad7e57ac611/
Status Code: 404
Error Response: b'<!DOCTYPE html>\n<html lang="en">\n<head>\n  <meta http-equiv="content-type" content="text/html; charset=utf-8">\n  <title>Page not found at /api/dynamic/98070e8d-085b-400f-8292-1ad7e57ac611/</title>\n  <meta name="robots" content="NONE,NOARCHIVE">\n  <style>\n    html * { padding:0; margin:0; }\n    body * { padding:10px 20px; }\n    body * * { padding:0; }\n    body { font-family: sans-serif; background:#eee; color:#000; }\n    body > :where(header, main, footer) { border-bottom:1px solid #ddd; }\n    h1 { font-weight:normal; margin-bottom:.4em; }\n    h1 small { font-size:60%; color:#666; font-weight:normal; }\n    table { border:none; border-collapse: collapse; width:100%; }\n    td, th { vertical-align:top; padding:2px 3px; }\n    th { width:12em; text-align:right; color:#666; padding-right:.5em; }\n    #info { background:#f6f6f6; }\n    #info ol { margin: 0.5em 4em; }\n    #info ol li { font-family: monospace; }\n    #summary { background: #ffc; }\n    #explanation { background:#eee; border-bottom: 0px none; }\n    pre.exception_value { font-family: sans-serif; color: #575757; font-size: 1.5em; margin: 10px 0 10px 0; }\n  </style>\n</head>\n<body>\n  <header id="summary">\n    <h1>Page not found <small>(404)</small></h1>\n    \n    <table class="meta">\n      <tr>\n        <th scope="row">Request Method:</th>\n        <td>POST</td>\n      </tr>\n      <tr>\n        <th scope="row">Request URL:</th>\n        <td>http://testserver/api/dynamic/98070e8d-085b-400f-8292-1ad7e57ac611/</td>\n      </tr>\n      \n    </table>\n  </header>\n\n  <main id="info">\n    \n      <p>\n      Using the URLconf defined in <code>ecommerce_project.urls</code>,\n      Django tried these URL patterns, in this order:\n      </p>\n      <ol>\n        \n          <li>\n            \n              <code>\n                admin/\n                \n              </code>\n            \n          </li>\n        \n          <li>\n            \n              <code>\n                \n                \n              </code>\n            \n              <code>\n                api/home/\n                [name=\'home-api\']\n              </code>\n            \n          </li>\n        \n          <li>\n            \n              <code>\n                \n                \n              </code>\n            \n              <code>\n                api/\n                \n              </code>\n            \n              <code>\n                ^withdrawal-requests/$\n                [name=\'withdrawal-requests-list\']\n              </code>\n            \n          </li>\n        \n          <li>\n            \n              <code>\n                \n                \n              </code>\n            \n              <code>\n                api/\n                \n              </code>\n            \n              <code>\n                ^withdrawal-requests\\.(?P&lt;format&gt;[a-z0-9]+)/?$\n                [name=\'withdrawal-requests-list\']\n              </code>\n            \n          </li>\n        \n          <li>\n            \n              <code>\n                \n                \n              </code>\n            \n              <code>\n                api/\n                \n              </code>\n            \n              <code>\n                ^withdrawal-requests/request/$\n                [name=\'withdrawal-requests-request\']\n              </code>\n            \n          </li>\n        \n          <li>\n            \n              <code>\n                \n                \n              </code>\n            \n              <code>\n                api/\n                \n              </code>\n            \n              <code>\n                ^withdrawal-requests/request\\.(?P&lt;format&gt;[a-z0-9]+)/?$\n                [name=\'withdrawal-requests-request\']\n              </code>\n            \n          </li>\n        \n          <li>\n            \n              <code>\n                \n                \n              </code>\n            \n              <code>\n                api/\n                \n              </code>\n            \n              <code>\n                ^withdrawal-requests/(?P&lt;pk&gt;[^/.]+)/$\n                [name=\'withdrawal-requests-detail\']\n              </code>\n            \n          </li>\n        \n          <li>\n            \n              <code>\n                \n                \n              </code>\n            \n              <code>\n                api/\n                \n              </code>\n            \n              <code>\n                ^withdrawal-requests/(?P&lt;pk&gt;[^/.]+)\\.(?P&lt;format&gt;[a-z0-9]+)/?$\n                [name=\'withdrawal-requests-detail\']\n              </code>\n            \n          </li>\n        \n          <li>\n            \n              <code>\n                \n                \n              </code>\n            \n              <code>\n                api/\n                \n              </code>\n            \n              <code>\n                ^categories/$\n                [name=\'category-list\']\n              </code>\n            \n          </li>\n        \n          <li>\n            \n              <code>\n                \n                \n              </code>\n            \n              <code>\n                api/\n                \n              </code>\n            \n              <code>\n                ^categories\\.(?P&lt;format&gt;[a-z0-9]+)/?$\n                [name=\'category-list\']\n              </code>\n            \n          </li>\n        \n          <li>\n            \n              <code>\n                \n                \n              </code>\n            \n              <code>\n                api/\n                \n              </code>\n            \n              <code>\n                ^categories/(?P&lt;pk&gt;[^/.]+)/$\n                [name=\'category-detail\']\n              </code>\n            \n          </li>\n        \n          <li>\n            \n              <code>\n                \n                \n              </code>\n            \n              <code>\n                api/\n                \n              </code>\n            \n              <code>\n                ^categories/(?P&lt;pk&gt;[^/.]+)\\.(?P&lt;format&gt;[a-z0-9]+)/?$\n                [name=\'category-detail\']\n              </code>\n            \n          </li>\n        \n          <li>\n            \n              <code>\n                \n                \n              </code>\n            \n              <code>\n                api/\n                \n              </code>\n            \n              <code>\n                ^products/$\n                [name=\'product-list\']\n              </code>\n            \n          </li>\n        \n          <li>\n            \n              <code>\n                \n                \n              </code>\n            \n              <code>\n                api/\n                \n              </code>\n            \n              <code>\n                ^products\\.(?P&lt;format&gt;[a-z0-9]+)/?$\n                [name=\'product-list\']\n              </code>\n            \n          </li>\n        \n          <li>\n            \n              <code>\n                \n                \n              </code>\n            \n              <code>\n                api/\n                \n              </code>\n            \n              <code>\n                ^products/(?P&lt;pk&gt;[^/.]+)/$\n                [name=\'product-detail\']\n              </code>\n            \n          </li>\n        \n          <li>\n            \n              <code>\n                \n                \n              </code>\n            \n              <code>\n                api/\n                \n              </code>\n            \n              <code>\n                ^products/(?P&lt;pk&gt;[^/.]+)\\.(?P&lt;format&gt;[a-z0-9]+)/?$\n                [name=\'product-detail\']\n              </code>\n            \n          </li>\n        \n          <li>\n            \n              <code>\n                \n                \n              </code>\n            \n              <code>\n                api/\n                \n              </code>\n            \n              <code>\n                ^profiles/$\n                [name=\'profile-list\']\n              </code>\n            \n          </li>\n        \n          <li>\n            \n              <code>\n                \n                \n              </code>\n            \n              <code>\n                api/\n                \n              </code>\n            \n              <code>\n                ^profiles\\.(?P&lt;format&gt;[a-z0-9]+)/?$\n                [name=\'profile-list\']\n              </code>\n            \n          </li>\n        \n          <li>\n            \n              <code>\n                \n                \n              </code>\n            \n              <code>\n                api/\n                \n              </code>\n            \n              <code>\n                ^profiles/(?P&lt;pk&gt;[^/.]+)/$\n                [name=\'profile-detail\']\n              </code>\n            \n          </li>\n        \n          <li>\n            \n              <code>\n                \n                \n              </code>\n            \n              <code>\n                api/\n                \n              </code>\n            \n              <code>\n                ^profiles/(?P&lt;pk&gt;[^/.]+)\\.(?P&lt;format&gt;[a-z0-9]+)/?$\n                [name=\'profile-detail\']\n              </code>\n            \n          </li>\n        \n          <li>\n            \n              <code>\n                \n                \n              </code>\n            \n              <code>\n                api/\n                \n              </code>\n            \n              <code>\n                ^wallet/$\n                [name=\'wallet-list\']\n              </code>\n            \n          </li>\n        \n          <li>\n            \n              <code>\n                \n                \n              </code>\n            \n              <code>\n                api/\n                \n              </code>\n            \n              <code>\n                ^wallet\\.(?P&lt;format&gt;[a-z0-9]+)/?$\n                [name=\'wallet-list\']\n              </code>\n            \n          </li>\n        \n          <li>\n            \n              <code>\n                \n                \n              </code>\n            \n              <code>\n                api/\n                \n              </code>\n            \n              <code>\n                ^wallet/(?P&lt;pk&gt;[^/.]+)/$\n                [name=\'wallet-detail\']\n              </code>\n            \n          </li>\n        \n          <li>\n            \n              <code>\n                \n                \n              </code>\n            \n              <code>\n                api/\n                \n              </code>\n            \n              <code>\n                ^wallet/(?P&lt;pk&gt;[^/.]+)\\.(?P&lt;format&gt;[a-z0-9]+)/?$\n                [name=\'wallet-detail\']\n              </code>\n            \n          </li>\n        \n          <li>\n            \n              <code>\n                \n                \n              </code>\n            \n              <code>\n                api/\n                \n              </code>\n            \n              <code>\n                ^payins/$\n                [name=\'payinrequest-list\']\n              </code>\n            \n          </li>\n        \n          <li>\n            \n              <code>\n                \n                \n              </code>\n            \n              <code>\n                api/\n                \n              </code>\n            \n              <code>\n                ^payins\\.(?P&lt;format&gt;[a-z0-9]+)/?$\n                [name=\'payinrequest-list\']\n              </code>\n            \n          </li>\n        \n          <li>\n            \n              <code>\n                \n                \n              </code>\n            \n              <code>\n                api/\n                \n              </code>\n            \n              <code>\n                ^payins/(?P&lt;pk&gt;[^/.]+)/$\n                [name=\'payinrequest-detail\']\n              </code>\n            \n          </li>\n        \n          <li>\n            \n              <code>\n                \n                \n              </code>\n            \n              <code>\n                api/\n                \n              </code>\n            \n              <code>\n                ^payins/(?P&lt;pk&gt;[^/.]+)\\.(?P&lt;format&gt;[a-z0-9]+)/?$\n                [name=\'payinrequest-detail\']\n              </code>\n            \n          </li>\n        \n          <li>\n            \n              <code>\n                \n                \n              </code>\n            \n              <code>\n                api/\n                \n              </code>\n            \n              <code>\n                ^transactions/$\n                [name=\'transaction-list\']\n              </code>\n            \n          </li>\n        \n          <li>\n            \n              <code>\n                \n                \n              </code>\n            \n              <code>\n                api/\n                \n              </code>\n            \n              <code>\n                ^transactions\\.(?P&lt;format&gt;[a-z0-9]+)/?$\n                [name=\'transaction-list\']\n              </code>\n            \n          </li>\n        \n          <li>\n            \n              <code>\n                \n                \n              </code>\n            \n              <code>\n                api/\n                \n              </code>\n            \n              <code>\n                ^transactions/(?P&lt;pk&gt;[^/.]+)/$\n                [name=\'transaction-detail\']\n              </code>\n            \n          </li>\n        \n          <li>\n            \n              <code>\n                \n                \n              </code>\n            \n              <code>\n                api/\n                \n              </code>\n            \n              <code>\n                ^transactions/(?P&lt;pk&gt;[^/.]+)\\.(?P&lt;format&gt;[a-z0-9]+)/?$\n                [name=\'transaction-detail\']\n              </code>\n            \n          </li>\n        \n          <li>\n            \n              <code>\n                \n                \n              </code>\n            \n              <code>\n                api/\n                \n              </code>\n            \n              <code>\n                ^coupons/$\n                [name=\'coupon-list\']\n              </code>\n            \n          </li>\n        \n          <li>\n            \n              <code>\n                \n                \n              </code>\n            \n              <code>\n                api/\n                \n              </code>\n            \n              <code>\n                ^coupons\\.(?P&lt;format&gt;[a-z0-9]+)/?$\n                [name=\'coupon-list\']\n              </code>\n            \n          </li>\n        \n          <li>\n            \n              <code>\n                \n                \n              </code>\n            \n              <code>\n                api/\n                \n              </code>\n            \n              <code>\n                ^coupons/(?P&lt;pk&gt;[^/.]+)/$\n                [name=\'coupon-detail\']\n              </code>\n            \n          </li>\n        \n          <li>\n            \n              <code>\n                \n                \n              </code>\n            \n              <code>\n                api/\n                \n              </code>\n            \n              <code>\n                ^coupons/(?P&lt;pk&gt;[^/.]+)\\.(?P&lt;format&gt;[a-z0-9]+)/?$\n                [name=\'coupon-detail\']\n              </code>\n            \n          </li>\n        \n          <li>\n            \n              <code>\n                \n                \n              </code>\n            \n              <code>\n                api/\n                \n              </code>\n            \n              <code>\n                ^orders/$\n                [name=\'order-list\']\n              </code>\n            \n          </li>\n        \n          <li>\n            \n              <code>\n                \n                \n              </code>\n            \n              <code>\n                api/\n                \n              </code>\n            \n              <code>\n                ^orders\\.(?P&lt;format&gt;[a-z0-9]+)/?$\n                [name=\'order-list\']\n              </code>\n            \n          </li>\n        \n          <li>\n            \n              <code>\n                \n                \n              </code>\n            \n              <code>\n                api/\n                \n              </code>\n            \n              <code>\n                ^orders/(?P&lt;pk&gt;[^/.]+)/$\n                [name=\'order-detail\']\n              </code>\n            \n          </li>\n        \n          <li>\n            \n              <code>\n                \n                \n              </code>\n            \n              <code>\n                api/\n                \n              </code>\n            \n              <code>\n                ^orders/(?P&lt;pk&gt;[^/.]+)\\.(?P&lt;format&gt;[a-z0-9]+)/?$\n                [name=\'order-detail\']\n              </code>\n            \n          </li>\n        \n          <li>\n            \n              <code>\n                \n                \n              </code>\n            \n              <code>\n                api/\n                \n              </code>\n            \n              <code>\n                ^banners/$\n                [name=\'banner-list\']\n              </code>\n            \n          </li>\n        \n          <li>\n            \n              <code>\n                \n                \n              </code>\n            \n              <code>\n                api/\n                \n              </code>\n            \n              <code>\n                ^banners\\.(?P&lt;format&gt;[a-z0-9]+)/?$\n                [name=\'banner-list\']\n              </code>\n            \n          </li>\n        \n          <li>\n            \n              <code>\n                \n                \n              </code>\n            \n              <code>\n                api/\n                \n              </code>\n            \n              <code>\n                ^banners/(?P&lt;pk&gt;[^/.]+)/$\n                [name=\'banner-detail\']\n              </code>\n            \n          </li>\n        \n          <li>\n            \n              <code>\n                \n                \n              </code>\n            \n              <code>\n                api/\n                \n              </code>\n            \n              <code>\n                ^banners/(?P&lt;pk&gt;[^/.]+)\\.(?P&lt;format&gt;[a-z0-9]+)/?$\n                [name=\'banner-detail\']\n              </code>\n            \n          </li>\n        \n          <li>\n            \n              <code>\n                \n                \n              </code>\n            \n              <code>\n                api/\n                \n              </code>\n            \n              <code>\n                ^user-addresses/$\n                [name=\'user-addresses-list\']\n              </code>\n            \n          </li>\n        \n          <li>\n            \n              <code>\n                \n                \n              </code>\n            \n              <code>\n                api/\n                \n              </code>\n            \n              <code>\n                ^user-addresses\\.(?P&lt;format&gt;[a-z0-9]+)/?$\n                [name=\'user-addresses-list\']\n              </code>\n            \n          </li>\n        \n          <li>\n            \n              <code>\n                \n                \n              </code>\n            \n              <code>\n                api/\n                \n              </code>\n            \n              <code>\n                ^user-addresses/(?P&lt;pk&gt;[^/.]+)/$\n                [name=\'user-addresses-detail\']\n              </code>\n            \n          </li>\n        \n          <li>\n            \n              <code>\n                \n                \n              </code>\n            \n              <code>\n                api/\n                \n              </code>\n            \n              <code>\n                ^user-addresses/(?P&lt;pk&gt;[^/.]+)\\.(?P&lt;format&gt;[a-z0-9]+)/?$\n                [name=\'user-addresses-detail\']\n              </code>\n            \n          </li>\n        \n          <li>\n            \n              <code>\n                \n                \n              </code>\n            \n              <code>\n                api/\n                \n              </code>\n            \n              <code>\n                ^cart/$\n                [name=\'cart-list\']\n              </code>\n            \n          </li>\n        \n          <li>\n            \n              <code>\n                \n                \n              </code>\n            \n              <code>\n                api/\n                \n              </code>\n            \n              <code>\n                ^cart\\.(?P&lt;format&gt;[a-z0-9]+)/?$\n                [name=\'cart-list\']\n              </code>\n            \n          </li>\n        \n          <li>\n            \n              <code>\n                \n                \n              </code>\n            \n              <code>\n                api/\n                \n              </code>\n            \n              <code>\n                ^cart/add_item/$\n                [name=\'cart-add-item\']\n              </code>\n            \n          </li>\n        \n          <li>\n            \n              <code>\n                \n                \n              </code>\n            \n              <code>\n                api/\n                \n              </code>\n            \n              <code>\n                ^cart/add_item\\.(?P&lt;format&gt;[a-z0-9]+)/?$\n                [name=\'cart-add-item\']\n              </code>\n            \n          </li>\n        \n          <li>\n            \n              <code>\n                \n                \n              </code>\n            \n              <code>\n                api/\n                \n              </code>\n            \n              <code>\n                ^cart/clear/$\n                [name=\'cart-clear\']\n              </code>\n            \n          </li>\n        \n          <li>\n            \n              <code>\n                \n                \n              </code>\n            \n              <code>\n                api/\n                \n              </code>\n            \n              <code>\n                ^cart/clear\\.(?P&lt;format&gt;[a-z0-9]+)/?$\n                [name=\'cart-clear\']\n              </code>\n            \n          </li>\n        \n          <li>\n            \n              <code>\n                \n                \n              </code>\n            \n              <code>\n                api/\n                \n              </code>\n            \n              <code>\n                ^cart/decrease_item/$\n                [name=\'cart-decrease-item\']\n              </code>\n            \n          </li>\n        \n          <li>\n            \n              <code>\n                \n                \n              </code>\n            \n              <code>\n                api/\n                \n              </code>\n            \n              <code>\n                ^cart/decrease_item\\.(?P&lt;format&gt;[a-z0-9]+)/?$\n                [name=\'cart-decrease-item\']\n              </code>\n            \n          </li>\n        \n          <li>\n            \n              <code>\n                \n                \n              </code>\n            \n              <code>\n                api/\n                \n              </code>\n            \n              <code>\n                ^cart/remove_item/$\n                [name=\'cart-remove-item\']\n              </code>\n            \n          </li>\n        \n          <li>\n            \n              <code>\n                \n                \n              </code>\n            \n              <code>\n                api/\n                \n              </code>\n            \n              <code>\n                ^cart/remove_item\\.(?P&lt;format&gt;[a-z0-9]+)/?$\n                [name=\'cart-remove-item\']\n              </code>\n            \n          </li>\n        \n          <li>\n            \n              <code>\n                \n                \n              </code>\n            \n              <code>\n                api/\n                \n              </code>\n            \n              <code>\n                ^checkout/process/$\n                [name=\'checkout-process\']\n              </code>\n            \n          </li>\n        \n          <li>\n            \n              <code>\n                \n                \n              </code>\n            \n              <code>\n                api/\n                \n              </code>\n            \n              <code>\n                ^checkout/process\\.(?P&lt;format&gt;[a-z0-9]+)/?$\n                [name=\'checkout-process\']\n              </code>\n            \n          </li>\n        \n          <li>\n            \n              <code>\n                \n                \n              </code>\n            \n              <code>\n                api/\n                \n              </code>\n            \n              <code>\n                ^kyc/$\n                [name=\'kyc-list\']\n              </code>\n            \n          </li>\n        \n          <li>\n            \n              <code>\n                \n                \n              </code>\n            \n              <code>\n                api/\n                \n              </code>\n            \n              <code>\n                ^kyc\\.(?P&lt;format&gt;[a-z0-9]+)/?$\n                [name=\'kyc-list\']\n              </code>\n            \n          </li>\n        \n          <li>\n            \n              <code>\n                \n                \n              </code>\n            \n              <code>\n                api/\n                \n              </code>\n            \n              <code>\n                ^kyc/(?P&lt;pk&gt;[^/.]+)/$\n                [name=\'kyc-detail\']\n              </code>\n            \n          </li>\n        \n          <li>\n            \n              <code>\n                \n                \n              </code>\n            \n              <code>\n                api/\n                \n              </code>\n            \n              <code>\n                ^kyc/(?P&lt;pk&gt;[^/.]+)\\.(?P&lt;format&gt;[a-z0-9]+)/?$\n                [name=\'kyc-detail\']\n              </code>\n            \n          </li>\n        \n          <li>\n            \n              <code>\n                \n                \n              </code>\n            \n              <code>\n                api/\n                \n              </code>\n            \n              <code>\n                ^support-tickets/$\n                [name=\'support-tickets-list\']\n              </code>\n            \n          </li>\n        \n          <li>\n            \n              <code>\n                \n                \n              </code>\n            \n              <code>\n                api/\n                \n              </code>\n            \n              <code>\n                ^support-tickets\\.(?P&lt;format&gt;[a-z0-9]+)/?$\n                [name=\'support-tickets-list\']\n              </code>\n            \n          </li>\n        \n          <li>\n            \n              <code>\n                \n                \n              </code>\n            \n              <code>\n                api/\n                \n              </code>\n            \n              <code>\n                ^support-tickets/(?P&lt;pk&gt;[^/.]+)/$\n                [name=\'support-tickets-detail\']\n              </code>\n            \n          </li>\n        \n          <li>\n            \n              <code>\n                \n                \n              </code>\n            \n              <code>\n                api/\n                \n              </code>\n            \n              <code>\n                ^support-tickets/(?P&lt;pk&gt;[^/.]+)\\.(?P&lt;format&gt;[a-z0-9]+)/?$\n                [name=\'support-tickets-detail\']\n              </code>\n            \n          </li>\n        \n          <li>\n            \n              <code>\n                \n                \n              </code>\n            \n              <code>\n                api/\n                \n              </code>\n            \n              <code>\n                \n                [name=\'api-root\']\n              </code>\n            \n          </li>\n        \n          <li>\n            \n              <code>\n                \n                \n              </code>\n            \n              <code>\n                api/\n                \n              </code>\n            \n              <code>\n                &lt;drf_format_suffix:format&gt;\n                [name=\'api-root\']\n              </code>\n            \n          </li>\n        \n          <li>\n            \n              <code>\n                \n                \n              </code>\n            \n              <code>\n                \n                [name=\'index\']\n              </code>\n            \n          </li>\n        \n          <li>\n            \n              <code>\n                \n                \n              </code>\n            \n              <code>\n                web/&lt;str:key&gt;\n                [name=\'page\']\n              </code>\n            \n          </li>\n        \n          <li>\n            \n              <code>\n                \n                \n              </code>\n            \n              <code>\n                web/api/\n                [name=\'api\']\n              </code>\n            \n          </li>\n        \n          <li>\n            \n              <code>\n                ^static/(?P&lt;path&gt;.*)$\n                \n              </code>\n            \n          </li>\n        \n          <li>\n            \n              <code>\n                ^media/(?P&lt;path&gt;.*)$\n                \n              </code>\n            \n          </li>\n        \n      </ol>\n      <p>\n        \n          The current path, <code>api/dynamic/98070e8d-085b-400f-8292-1ad7e57ac611/</code>,\n        \n        didn\xe2\x80\x99t match any of these.\n      </p>\n    \n  </main>\n\n  <footer id="explanation">\n    <p>\n      You\xe2\x80\x99re seeing this error because you have <code>DEBUG = True</code> in\n      your Django settings file. Change that to <code>False</code>, and Django\n      will display a standard 404 page.\n    </p>\n  </footer>\n</body>\n</html>\n'
